1. Set-ExecutionPolicy -ExecutionPolicy Bypass -Scope Process
2.yarn start

=================================
to run vite app frontend

PS C:\Project\Sunbeam_Project_March_24\Wfrontend> npm create vite@latest UI

> npx
> create-vite UI

√ Package name: ... ui
√ Select a framework: » React
√ Select a variant: » JavaScript

Scaffolding project in C:\Project\Sunbeam_Project_March_24\Wfrontend\UI...

Done. Now run:

  cd UI
  npm install
  npm run dev

PS C:\Project\Sunbeam_Project_March_24\Wfrontend> cd ui
PS C:\Project\Sunbeam_Project_March_24\Wfrontend\ui> npm install
npm warn deprecated inflight@1.0.6: This module is not supported, and leaks memory. Do not use it. Check out lru-cache if you want a good and tested way to coalesce async requests by a key value, which is much more comprehensive and powerful.
npm warn deprecated @humanwhocodes/config-array@0.11.14: Use @eslint/config-array instead
npm warn deprecated rimraf@3.0.2: Rimraf versions prior to v4 are no longer supported
npm warn deprecated glob@7.2.3: Glob versions prior to v9 are no longer supported
npm warn deprecated @humanwhocodes/object-schema@2.0.3: Use @eslint/object-schema instead

added 273 packages, and audited 274 packages in 30s

102 packages are looking for funding
  run `npm fund` for details

found 0 vulnerabilities
PS C:\Project\Sunbeam_Project_March_24\Wfrontend\ui> npm start
npm error Missing script: "start"
npm error
npm error Did you mean one of these?
npm error   npm star # Mark your favorite packages
npm error   npm stars # View packages marked as favorites
npm error
npm error To see a list of scripts, run:
npm error   npm run

npm error A complete log of this run can be found in: C:\Users\Nikita\AppData\Local\npm-cache\_logs\2024-08-03T14_50_11_345Z-debug-0.log
PS C:\Project\Sunbeam_Project_March_24\Wfrontend\ui> npm run dev

> ui@0.0.0 dev
> vite


  VITE v5.3.5  ready in 657 ms

  ➜  Local:   http://localhost:5173/
  ➜  Network: use --host to expose
  ➜  press h + enter to show help

/===============================================================

to pull from a specific branch(nikita)

1. git pull origin nikita

================================================================
after pulling the vite app run these commands on the project terminal where vite app is created
1. npm install
2. npm run dev
3. copy paste the generated URL on browser (http://localhost:5173/)